[2026-04-22T23:33:44.034Z] [WARN] Sheet Weapons missing expected column: Name
[2026-04-22T23:33:44.035Z] [WARN] Sheet Ammo missing expected column: Name
[2026-04-22T23:33:44.035Z] [WARN] Sheet Body Armor missing expected column: Name
[2026-04-22T23:33:44.036Z] [WARN] Sheet Helmets missing expected column: Name
[2026-04-22T23:33:44.063Z] [INFO] mrnutt3r startup complete {}
[2026-04-22T23:33:44.412Z] [INFO] Connected to Twitch chat
[2026-04-22T23:35:35.031Z] [WARN] Sheet Weapons missing expected column: Name
[2026-04-22T23:35:35.032Z] [WARN] Sheet Ammo missing expected column: Name
[2026-04-22T23:35:35.032Z] [WARN] Sheet Body Armor missing expected column: Name
[2026-04-22T23:35:35.032Z] [WARN] Sheet Helmets missing expected column: Name
[2026-04-22T23:35:35.059Z] [INFO] mrnutt3r startup complete {}
[2026-04-22T23:35:35.392Z] [INFO] Connected to Twitch chat
[2026-04-22T23:41:51.375Z] [WARN] Sheet Weapons missing expected column: Name
[2026-04-22T23:41:51.376Z] [WARN] Sheet Ammo missing expected column: Name
[2026-04-22T23:41:51.376Z] [WARN] Sheet Body Armor missing expected column: Name
[2026-04-22T23:41:51.377Z] [WARN] Sheet Helmets missing expected column: Name
[2026-04-22T23:41:51.403Z] [INFO] mrnutt3r startup complete {}
[2026-04-22T23:41:51.722Z] [INFO] Connected to Twitch chat
[2026-04-22T23:45:39.466Z] [WARN] Sheet Weapons missing expected column: Name
[2026-04-22T23:45:39.467Z] [WARN] Sheet Ammo missing expected column: Name
[2026-04-22T23:45:39.467Z] [WARN] Sheet Body Armor missing expected column: Name
[2026-04-22T23:45:39.467Z] [WARN] Sheet Helmets missing expected column: Name
[2026-04-22T23:45:39.496Z] [INFO] mrnutt3r startup complete {}
[2026-04-22T23:45:39.831Z] [INFO] Connected to Twitch chat
[2026-04-23T06:14:58.021Z] [WARN] Sheet Weapons missing expected column: Name
[2026-04-23T06:14:58.022Z] [WARN] Sheet Ammo missing expected column: Name
[2026-04-23T06:14:58.022Z] [WARN] Sheet Body Armor missing expected column: Name
[2026-04-23T06:14:58.023Z] [WARN] Sheet Helmets missing expected column: Name
[2026-04-23T06:14:58.023Z] [ERROR] Missing TWITCH_USERNAME
[2026-04-23T06:14:58.023Z] [ERROR] Missing TWITCH_OAUTH
[2026-04-23T06:14:58.023Z] [ERROR] Missing TWITCH_CHANNEL
[2026-04-23T06:15:36.954Z] [WARN] Sheet Weapons missing expected column: Name
[2026-04-23T06:15:36.955Z] [WARN] Sheet Ammo missing expected column: Name
[2026-04-23T06:15:36.956Z] [WARN] Sheet Body Armor missing expected column: Name
[2026-04-23T06:15:36.956Z] [WARN] Sheet Helmets missing expected column: Name
[2026-04-23T06:15:36.981Z] [INFO] mrnutt3r startup complete
[2026-04-23T06:18:10.804Z] [WARN] Sheet Weapons missing expected column: Name
[2026-04-23T06:18:10.805Z] [WARN] Sheet Ammo missing expected column: Name
[2026-04-23T06:18:10.805Z] [WARN] Sheet Body Armor missing expected column: Name
[2026-04-23T06:18:10.805Z] [WARN] Sheet Helmets missing expected column: Name
[2026-04-23T06:18:10.832Z] [INFO] mrnutt3r startup complete
[2026-04-23T06:18:11.168Z] [INFO] Connected to Twitch chat
[2026-04-23T06:22:02.997Z] [WARN] Sheet Weapons missing expected column: Name
[2026-04-23T06:22:02.998Z] [WARN] Sheet Ammo missing expected column: Name
[2026-04-23T06:22:02.998Z] [WARN] Sheet Body Armor missing expected column: Name
[2026-04-23T06:22:02.999Z] [WARN] Sheet Helmets missing expected column: Name
[2026-04-23T06:22:03.026Z] [INFO] mrnutt3r startup complete
[2026-04-23T06:22:03.346Z] [INFO] Connected to Twitch chat
[2026-04-23T06:24:07.542Z] [WARN] Sheet Weapons missing expected column: Name
[2026-04-23T06:24:07.543Z] [WARN] Sheet Ammo missing expected column: Name
[2026-04-23T06:24:07.543Z] [WARN] Sheet Body Armor missing expected column: Name
[2026-04-23T06:24:07.543Z] [WARN] Sheet Helmets missing expected column: Name
[2026-04-23T06:24:07.571Z] [INFO] mrnutt3r startup complete
[2026-04-23T06:24:07.890Z] [INFO] Connected to Twitch chat
[2026-04-23T06:28:42.997Z] [WARN] Sheet Weapons missing expected column: Name
[2026-04-23T06:28:42.998Z] [WARN] Sheet Ammo missing expected column: Name
[2026-04-23T06:28:42.998Z] [WARN] Sheet Body Armor missing expected column: Name
[2026-04-23T06:28:42.998Z] [WARN] Sheet Helmets missing expected column: Name
[2026-04-23T06:28:43.026Z] [INFO] mrnutt3r startup complete
[2026-04-23T06:28:43.355Z] [INFO] Connected to Twitch chat
[2026-04-23T06:36:28.332Z] [WARN] Sheet Weapons missing expected column: Name
[2026-04-23T06:36:28.333Z] [WARN] Sheet Ammo missing expected column: Name
[2026-04-23T06:36:28.333Z] [WARN] Sheet Body Armor missing expected column: Name
[2026-04-23T06:36:28.334Z] [WARN] Sheet Helmets missing expected column: Name
[2026-04-23T06:36:28.363Z] [INFO] mrnutt3r startup complete
[2026-04-23T06:36:28.696Z] [INFO] Connected to Twitch chat
[2026-04-23T06:41:22.962Z] [WARN] Sheet Weapons missing expected column: Name
[2026-04-23T06:41:22.963Z] [WARN] Sheet Ammo missing expected column: Name
[2026-04-23T06:41:22.963Z] [WARN] Sheet Body Armor missing expected column: Name
[2026-04-23T06:41:22.964Z] [WARN] Sheet Helmets missing expected column: Name
[2026-04-23T06:41:22.993Z] [INFO] mrnutt3r startup complete
[2026-04-23T06:41:23.336Z] [INFO] Connected to Twitch chat
[2026-04-23T06:55:08.966Z] [WARN] Sheet Weapons missing expected column: Name
[2026-04-23T06:55:08.967Z] [WARN] Sheet Ammo missing expected column: Name
[2026-04-23T06:55:08.968Z] [WARN] Sheet Body Armor missing expected column: Name
[2026-04-23T06:55:08.968Z] [WARN] Sheet Helmets missing expected column: Name
[2026-04-23T06:55:08.994Z] [INFO] mrnutt3r startup complete
[2026-04-23T06:55:09.325Z] [INFO] Connected to Twitch chat
[2026-04-23T07:26:25.258Z] [WARN] Sheet Weapons missing expected column: Name
[2026-04-23T07:26:25.259Z] [WARN] Sheet Ammo missing expected column: Name
[2026-04-23T07:26:25.259Z] [WARN] Sheet Body Armor missing expected column: Name
[2026-04-23T07:26:25.259Z] [WARN] Sheet Helmets missing expected column: Name
[2026-04-23T07:26:25.286Z] [INFO] mrnutt3r startup complete
[2026-04-23T07:26:25.606Z] [INFO] Connected to Twitch chat
[2026-04-23T07:28:06.130Z] [WARN] Sheet Weapons missing expected column: Name
[2026-04-23T07:28:06.131Z] [WARN] Sheet Ammo missing expected column: Name
[2026-04-23T07:28:06.131Z] [WARN] Sheet Body Armor missing expected column: Name
[2026-04-23T07:28:06.131Z] [WARN] Sheet Helmets missing expected column: Name
[2026-04-23T07:28:06.159Z] [INFO] mrnutt3r startup complete
[2026-04-23T07:28:06.471Z] [INFO] Connected to Twitch chat
[2026-04-23T23:21:10.424Z] [WARN] Sheet Weapons missing expected column: Name
[2026-04-23T23:21:10.425Z] [WARN] Sheet Ammo missing expected column: Name
[2026-04-23T23:21:10.425Z] [WARN] Sheet Body Armor missing expected column: Name
[2026-04-23T23:21:10.426Z] [WARN] Sheet Helmets missing expected column: Name
[2026-04-23T23:21:10.453Z] [INFO] mrnutt3r startup complete
[2026-04-23T23:21:10.801Z] [INFO] Connected to Twitch chat
[2026-04-23T23:28:28.148Z] [WARN] Sheet Weapons missing expected column: Name
[2026-04-23T23:28:28.149Z] [WARN] Sheet Ammo missing expected column: Name
[2026-04-23T23:28:28.150Z] [WARN] Sheet Body Armor missing expected column: Name
[2026-04-23T23:28:28.150Z] [WARN] Sheet Helmets missing expected column: Name
[2026-04-23T23:28:28.177Z] [INFO] mrnutt3r startup complete
[2026-04-23T23:28:28.494Z] [INFO] Connected to Twitch chat
[2026-04-23T23:30:55.930Z] [WARN] Sheet Weapons missing expected column: Name
[2026-04-23T23:30:55.931Z] [WARN] Sheet Ammo missing expected column: Name
[2026-04-23T23:30:55.931Z] [WARN] Sheet Body Armor missing expected column: Name
[2026-04-23T23:30:55.931Z] [WARN] Sheet Helmets missing expected column: Name
[2026-04-23T23:30:55.958Z] [INFO] mrnutt3r startup complete
[2026-04-23T23:30:56.272Z] [INFO] Connected to Twitch chat
[2026-04-24T22:03:10.039Z] [WARN] Sheet Weapons missing expected column: Name
[2026-04-24T22:03:10.041Z] [WARN] Sheet Ammo missing expected column: Name
[2026-04-24T22:03:10.041Z] [WARN] Sheet Body Armor missing expected column: Name
[2026-04-24T22:03:10.041Z] [WARN] Sheet Helmets missing expected column: Name
[2026-04-24T22:03:10.066Z] [INFO] mrnutt3r startup complete
[2026-04-24T22:03:10.393Z] [INFO] Connected to Twitch chat
[2026-04-24T22:17:58.656Z] [WARN] Sheet Weapons missing expected column: Name
[2026-04-24T22:17:58.657Z] [WARN] Sheet Ammo missing expected column: Name
[2026-04-24T22:17:58.657Z] [WARN] Sheet Body Armor missing expected column: Name
[2026-04-24T22:17:58.658Z] [WARN] Sheet Helmets missing expected column: Name
[2026-04-24T22:17:58.684Z] [INFO] mrnutt3r startup complete
[2026-04-24T22:17:59.002Z] [INFO] Connected to Twitch chat
[2026-04-24T22:21:34.483Z] [WARN] Sheet Weapons missing expected column: Name
[2026-04-24T22:21:34.484Z] [WARN] Sheet Ammo missing expected column: Name
[2026-04-24T22:21:34.485Z] [WARN] Sheet Body Armor missing expected column: Name
[2026-04-24T22:21:34.485Z] [WARN] Sheet Helmets missing expected column: Name
[2026-04-24T22:21:34.511Z] [INFO] mrnutt3r startup complete
[2026-04-24T22:21:34.824Z] [INFO] Connected to Twitch chat
[2026-04-24T22:27:39.699Z] [WARN] Sheet Weapons missing expected column: Name
[2026-04-24T22:27:39.700Z] [WARN] Sheet Ammo missing expected column: Name
[2026-04-24T22:27:39.700Z] [WARN] Sheet Body Armor missing expected column: Name
[2026-04-24T22:27:39.700Z] [WARN] Sheet Helmets missing expected column: Name
[2026-04-24T22:27:39.726Z] [INFO] mrnutt3r startup complete
[2026-04-24T22:27:40.052Z] [INFO] Connected to Twitch chat
[2026-04-24T22:35:13.676Z] [WARN] Sheet Weapons missing expected column: Name
[2026-04-24T22:35:13.677Z] [WARN] Sheet Ammo missing expected column: Name
[2026-04-24T22:35:13.678Z] [WARN] Sheet Body Armor missing expected column: Name
[2026-04-24T22:35:13.678Z] [WARN] Sheet Helmets missing expected column: Name
[2026-04-24T22:35:13.704Z] [INFO] mrnutt3r startup complete
[2026-04-24T22:35:14.029Z] [INFO] Connected to Twitch chat
[2026-04-24T22:45:49.408Z] [WARN] Sheet Weapons missing expected column: Name
[2026-04-24T22:45:49.409Z] [WARN] Sheet Ammo missing expected column: Name
[2026-04-24T22:45:49.409Z] [WARN] Sheet Body Armor missing expected column: Name
[2026-04-24T22:45:49.409Z] [WARN] Sheet Helmets missing expected column: Name
[2026-04-24T22:45:49.437Z] [INFO] mrnutt3r startup complete
[2026-04-24T22:45:49.765Z] [INFO] Connected to Twitch chat
[2026-04-24T22:50:55.901Z] [WARN] Sheet Weapons missing expected column: Name
[2026-04-24T22:50:55.902Z] [WARN] Sheet Ammo missing expected column: Name
[2026-04-24T22:50:55.902Z] [WARN] Sheet Body Armor missing expected column: Name
[2026-04-24T22:50:55.902Z] [WARN] Sheet Helmets missing expected column: Name
[2026-04-24T22:50:55.927Z] [INFO] mrnutt3r startup complete
[2026-04-24T22:50:56.251Z] [INFO] Connected to Twitch chat
[2026-04-24T22:58:14.966Z] [WARN] Sheet Weapons missing expected column: Name
[2026-04-24T22:58:14.967Z] [WARN] Sheet Ammo missing expected column: Name
[2026-04-24T22:58:14.967Z] [WARN] Sheet Body Armor missing expected column: Name
[2026-04-24T22:58:14.967Z] [WARN] Sheet Helmets missing expected column: Name
[2026-04-24T22:58:14.993Z] [INFO] mrnutt3r startup complete
[2026-04-24T22:58:15.321Z] [INFO] Connected to Twitch chat
[2026-04-24T23:05:22.192Z] [WARN] Sheet Weapons missing expected column: Name
[2026-04-24T23:05:22.193Z] [WARN] Sheet Ammo missing expected column: Name
[2026-04-24T23:05:22.194Z] [WARN] Sheet Body Armor missing expected column: Name
[2026-04-24T23:05:22.194Z] [WARN] Sheet Helmets missing expected column: Name
[2026-04-24T23:05:22.218Z] [INFO] mrnutt3r startup complete
[2026-04-24T23:05:22.538Z] [INFO] Connected to Twitch chat
[2026-04-24T23:06:32.798Z] [WARN] Sheet Weapons missing expected column: Name
[2026-04-24T23:06:32.799Z] [WARN] Sheet Ammo missing expected column: Name
[2026-04-24T23:06:32.799Z] [WARN] Sheet Body Armor missing expected column: Name
[2026-04-24T23:06:32.799Z] [WARN] Sheet Helmets missing expected column: Name
[2026-04-24T23:06:32.825Z] [INFO] mrnutt3r startup complete
[2026-04-24T23:06:33.129Z] [INFO] Connected to Twitch chat
[2026-04-24T23:07:13.166Z] [WARN] Sheet Weapons missing expected column: Name
[2026-04-24T23:07:13.167Z] [WARN] Sheet Ammo missing expected column: Name
[2026-04-24T23:07:13.167Z] [WARN] Sheet Body Armor missing expected column: Name
[2026-04-24T23:07:13.168Z] [WARN] Sheet Helmets missing expected column: Name
[2026-04-24T23:07:13.193Z] [INFO] mrnutt3r startup complete
[2026-04-24T23:07:13.528Z] [INFO] Connected to Twitch chat
[2026-04-24T23:59:55.366Z] [WARN] Sheet Weapons missing expected column: Name
[2026-04-24T23:59:55.368Z] [WARN] Sheet Ammo missing expected column: Name
[2026-04-24T23:59:55.369Z] [WARN] Sheet Body Armor missing expected column: Name
[2026-04-24T23:59:55.369Z] [WARN] Sheet Helmets missing expected column: Name
[2026-04-24T23:59:55.405Z] [INFO] mrnutt3r startup complete
[2026-04-24T23:59:55.743Z] [INFO] Connected to Twitch chat
[2026-04-25T23:33:17.440Z] [WARN] Sheet Weapons missing expected column: Name
[2026-04-25T23:33:17.441Z] [WARN] Sheet Ammo missing expected column: Name
[2026-04-25T23:33:17.441Z] [WARN] Sheet Body Armor missing expected column: Name
[2026-04-25T23:33:17.441Z] [WARN] Sheet Helmets missing expected column: Name
[2026-04-25T23:33:17.467Z] [INFO] mrnutt3r startup complete
[2026-04-25T23:33:17.804Z] [INFO] Connected to Twitch chat
[2026-04-25T23:59:28.719Z] [WARN] Sheet Weapons missing expected column: Name
[2026-04-25T23:59:28.720Z] [WARN] Sheet Ammo missing expected column: Name
[2026-04-25T23:59:28.721Z] [WARN] Sheet Body Armor missing expected column: Name
[2026-04-25T23:59:28.721Z] [WARN] Sheet Helmets missing expected column: Name
[2026-04-25T23:59:28.756Z] [INFO] mrnutt3r startup complete
[2026-04-25T23:59:29.101Z] [INFO] Connected to Twitch chat
[2026-04-26T20:21:41.551Z] [WARN] Sheet Weapons missing expected column: Name
[2026-04-26T20:21:41.553Z] [WARN] Sheet Ammo missing expected column: Name
[2026-04-26T20:21:41.553Z] [WARN] Sheet Body Armor missing expected column: Name
[2026-04-26T20:21:41.554Z] [WARN] Sheet Helmets missing expected column: Name
[2026-04-26T20:21:41.595Z] [INFO] mrnutt3r startup complete
[2026-04-26T20:21:41.968Z] [INFO] Connected to Twitch chat
[2026-04-28T00:00:24.230Z] [WARN] Sheet Weapons missing expected column: Name
[2026-04-28T00:00:24.231Z] [WARN] Sheet Ammo missing expected column: Name
[2026-04-28T00:00:24.232Z] [WARN] Sheet Body Armor missing expected column: Name
[2026-04-28T00:00:24.232Z] [WARN] Sheet Helmets missing expected column: Name
[2026-04-28T00:00:24.269Z] [INFO] mrnutt3r startup complete
[2026-04-28T00:00:24.620Z] [INFO] Connected to Twitch chat
[2026-04-28T23:32:30.424Z] [WARN] Sheet Weapons missing expected column: Name
[2026-04-28T23:32:30.425Z] [WARN] Sheet Ammo missing expected column: Name
[2026-04-28T23:32:30.426Z] [WARN] Sheet Body Armor missing expected column: Name
[2026-04-28T23:32:30.426Z] [WARN] Sheet Helmets missing expected column: Name
[2026-04-28T23:32:30.453Z] [INFO] mrnutt3r startup complete
[2026-04-28T23:32:30.796Z] [INFO] Connected to Twitch chat
[2026-04-29T00:00:38.565Z] [WARN] Sheet Weapons missing expected column: Name
[2026-04-29T00:00:38.567Z] [WARN] Sheet Ammo missing expected column: Name
[2026-04-29T00:00:38.567Z] [WARN] Sheet Body Armor missing expected column: Name
[2026-04-29T00:00:38.568Z] [WARN] Sheet Helmets missing expected column: Name
[2026-04-29T00:00:38.605Z] [INFO] mrnutt3r startup complete
[2026-04-29T00:00:38.940Z] [INFO] Connected to Twitch chat
[2026-04-29T23:59:21.369Z] [WARN] Sheet Weapons missing expected column: Name
[2026-04-29T23:59:21.371Z] [WARN] Sheet Ammo missing expected column: Name
[2026-04-29T23:59:21.371Z] [WARN] Sheet Body Armor missing expected column: Name
[2026-04-29T23:59:21.372Z] [WARN] Sheet Helmets missing expected column: Name
[2026-04-29T23:59:21.412Z] [INFO] mrnutt3r startup complete
[2026-04-29T23:59:21.725Z] [INFO] Connected to Twitch chat
[2026-05-06T00:11:18.385Z] [WARN] Sheet Weapons missing expected column: Name
[2026-05-06T00:11:18.387Z] [WARN] Sheet Ammo missing expected column: Name
[2026-05-06T00:11:18.387Z] [WARN] Sheet Body Armor missing expected column: Name
[2026-05-06T00:11:18.388Z] [WARN] Sheet Helmets missing expected column: Name
[2026-05-06T00:11:18.425Z] [INFO] mrnutt3r startup complete
[2026-05-06T00:11:18.780Z] [INFO] Connected to Twitch chat
[2026-05-06T23:57:21.519Z] [WARN] Sheet Weapons missing expected column: Name
[2026-05-06T23:57:21.521Z] [WARN] Sheet Ammo missing expected column: Name
[2026-05-06T23:57:21.522Z] [WARN] Sheet Body Armor missing expected column: Name
[2026-05-06T23:57:21.522Z] [WARN] Sheet Helmets missing expected column: Name
[2026-05-06T23:57:21.558Z] [INFO] mrnutt3r startup complete
[2026-05-06T23:57:21.911Z] [INFO] Connected to Twitch chat
